components/settings/SecurityTab.tsx(5,26): error TS2305: Module '"@/app/actions/auth"' has no exported member 'setDangerZonePin'.
